// Jest Snapshot v1, https://goo.gl/fbAQLP

exports[`DateRange render 1`] = `
"<div class=\\"makeStyles-root-1\\">
  <div class=\\"MuiFormControl-root MuiTextField-root makeStyles-input-2\\"><label class=\\"MuiFormLabel-root MuiInputLabel-root MuiInputLabel-formControl MuiInputLabel-animated\\" data-shrink=\\"false\\">From label</label>
    <div class=\\"MuiInputBase-root MuiInput-root MuiInput-underline MuiInputBase-formControl MuiInput-formControl\\"><input aria-invalid=\\"false\\" name=\\"from\\" type=\\"date\\" class=\\"MuiInputBase-input MuiInput-input\\" value=\\"01.01.1971\\"></div>
  </div>
  <div class=\\"MuiFormControl-root MuiTextField-root makeStyles-input-2\\"><label class=\\"MuiFormLabel-root MuiInputLabel-root MuiInputLabel-formControl MuiInputLabel-animated\\" data-shrink=\\"false\\">To label</label>
    <div class=\\"MuiInputBase-root MuiInput-root MuiInput-underline MuiInputBase-formControl MuiInput-formControl\\"><input aria-invalid=\\"false\\" name=\\"to\\" type=\\"date\\" class=\\"MuiInputBase-input MuiInput-input\\" value=\\"01.01.1971\\"></div>
  </div>
</div>"
`;
